2018-01-07 15:50:29,917:DEBUG:
 [
  {
    "first_name": "Arthur",
    "last_name": "",
    "gender": "Bro",
    "email": "",
    "street_address": "Silver Oaks",
    "city": "Tampa",
    "state": "FL",
    "phone_number": "8134031365",
    "zip_code": "33610"
  },
  {
    "first_name": "Courtney",
    "last_name": "",
    "gender": "Sis",
    "email": "",
    "street_address": "Silver Oaks",
    "city": "Tampa",
    "state": "FL",
    "phone_number": "8135090000",
    "zip_code": "33610"
  },
  {
    "first_name": "Johnathan",
    "last_name": "",
    "gender": "Bro",
    "email": "",
    "street_address": "Silver Oaks",
    "city": "Tampa",
    "state": "FL",
    "phone_number": "8133257201",
    "zip_code": "33610"
  },
  {
    "first_name": "Kenisha",
    "last_name": "",
    "gender": "Sis",
    "email": "",
    "street_address": "Silver Oaks",
    "city": "Tampa",
    "state": "FL",
    "phone_number": "8133687985",
    "zip_code": "33610"
  },
  {
    "first_name": "Quinton",
    "last_name": "",
    "gender": "Bro",
    "email": "",
    "street_address": "Silver Oaks",
    "city": "Tampa",
    "state": "FL",
    "phone_number": "8138479761",
    "zip_code": "33610"
  },
  {
    "first_name": "Sherrod",
    "last_name": "",
    "gender": "Bro",
    "email": "",
    "street_address": "Silver Oaks",
    "city": "Tampa",
    "state": "FL",
    "phone_number": "8138503521",
    "zip_code": "33610"
  },
  {
    "first_name": "Melvin",
    "last_name": "Johnson",
    "gender": "Bro",
    "email": "",
    "street_address": "3711 E Deleuil",
    "city": "Tampa",
    "state": "FL",
    "phone_number": "8138477365",
    "zip_code": "33610"
  }
] 
contacts: 7
2018-01-07 15:54:50,634:DEBUG:
Contacts to import: [
  {
    "first_name": "Arthur",
    "last_name": "",
    "gender": "Bro",
    "email": "",
    "street_address": "Silver Oaks",
    "city": "Tampa",
    "state": "FL",
    "phone_number": "8134031365",
    "zip_code": "33610"
  },
  {
    "first_name": "Courtney",
    "last_name": "",
    "gender": "Sis",
    "email": "",
    "street_address": "Silver Oaks",
    "city": "Tampa",
    "state": "FL",
    "phone_number": "8135090000",
    "zip_code": "33610"
  },
  {
    "first_name": "Johnathan",
    "last_name": "",
    "gender": "Bro",
    "email": "",
    "street_address": "Silver Oaks",
    "city": "Tampa",
    "state": "FL",
    "phone_number": "8133257201",
    "zip_code": "33610"
  },
  {
    "first_name": "Kenisha",
    "last_name": "",
    "gender": "Sis",
    "email": "",
    "street_address": "Silver Oaks",
    "city": "Tampa",
    "state": "FL",
    "phone_number": "8133687985",
    "zip_code": "33610"
  },
  {
    "first_name": "Quinton",
    "last_name": "",
    "gender": "Bro",
    "email": "",
    "street_address": "Silver Oaks",
    "city": "Tampa",
    "state": "FL",
    "phone_number": "8138479761",
    "zip_code": "33610"
  },
  {
    "first_name": "Sherrod",
    "last_name": "",
    "gender": "Bro",
    "email": "",
    "street_address": "Silver Oaks",
    "city": "Tampa",
    "state": "FL",
    "phone_number": "8138503521",
    "zip_code": "33610"
  },
  {
    "first_name": "Melvin",
    "last_name": "Johnson",
    "gender": "Bro",
    "email": "",
    "street_address": "3711 E Deleuil",
    "city": "Tampa",
    "state": "FL",
    "phone_number": "8138477365",
    "zip_code": "33610"
  }
] 
contacts: 7

2018-01-07 15:56:03,109:DEBUG:
Contacts to import: [
  {
    "first_name": "Arthur",
    "last_name": "",
    "gender": "Bro",
    "email": "",
    "street_address": "Silver Oaks",
    "city": "Tampa",
    "state": "FL",
    "phone_number": "8134031365",
    "zip_code": "33610"
  },
  {
    "first_name": "Courtney",
    "last_name": "",
    "gender": "Sis",
    "email": "",
    "street_address": "Silver Oaks",
    "city": "Tampa",
    "state": "FL",
    "phone_number": "8135090000",
    "zip_code": "33610"
  },
  {
    "first_name": "Johnathan",
    "last_name": "",
    "gender": "Bro",
    "email": "",
    "street_address": "Silver Oaks",
    "city": "Tampa",
    "state": "FL",
    "phone_number": "8133257201",
    "zip_code": "33610"
  },
  {
    "first_name": "Kenisha",
    "last_name": "",
    "gender": "Sis",
    "email": "",
    "street_address": "Silver Oaks",
    "city": "Tampa",
    "state": "FL",
    "phone_number": "8133687985",
    "zip_code": "33610"
  },
  {
    "first_name": "Quinton",
    "last_name": "",
    "gender": "Bro",
    "email": "",
    "street_address": "Silver Oaks",
    "city": "Tampa",
    "state": "FL",
    "phone_number": "8138479761",
    "zip_code": "33610"
  },
  {
    "first_name": "Sherrod",
    "last_name": "",
    "gender": "Bro",
    "email": "",
    "street_address": "Silver Oaks",
    "city": "Tampa",
    "state": "FL",
    "phone_number": "8138503521",
    "zip_code": "33610"
  },
  {
    "first_name": "Melvin",
    "last_name": "Johnson",
    "gender": "Bro",
    "email": "",
    "street_address": "3711 E Deleuil",
    "city": "Tampa",
    "state": "FL",
    "phone_number": "8138477365",
    "zip_code": "33610"
  }
] 
Number of contacts to import: 7

2018-01-07 15:58:49,076:DEBUG:
********************************************************************************
Contacts to import: [
  {
    "first_name": "Arthur",
    "last_name": "",
    "gender": "Bro",
    "email": "",
    "street_address": "Silver Oaks",
    "city": "Tampa",
    "state": "FL",
    "phone_number": "8134031365",
    "zip_code": "33610"
  },
  {
    "first_name": "Courtney",
    "last_name": "",
    "gender": "Sis",
    "email": "",
    "street_address": "Silver Oaks",
    "city": "Tampa",
    "state": "FL",
    "phone_number": "8135090000",
    "zip_code": "33610"
  },
  {
    "first_name": "Johnathan",
    "last_name": "",
    "gender": "Bro",
    "email": "",
    "street_address": "Silver Oaks",
    "city": "Tampa",
    "state": "FL",
    "phone_number": "8133257201",
    "zip_code": "33610"
  },
  {
    "first_name": "Kenisha",
    "last_name": "",
    "gender": "Sis",
    "email": "",
    "street_address": "Silver Oaks",
    "city": "Tampa",
    "state": "FL",
    "phone_number": "8133687985",
    "zip_code": "33610"
  },
  {
    "first_name": "Quinton",
    "last_name": "",
    "gender": "Bro",
    "email": "",
    "street_address": "Silver Oaks",
    "city": "Tampa",
    "state": "FL",
    "phone_number": "8138479761",
    "zip_code": "33610"
  },
  {
    "first_name": "Sherrod",
    "last_name": "",
    "gender": "Bro",
    "email": "",
    "street_address": "Silver Oaks",
    "city": "Tampa",
    "state": "FL",
    "phone_number": "8138503521",
    "zip_code": "33610"
  },
  {
    "first_name": "Melvin",
    "last_name": "Johnson",
    "gender": "Bro",
    "email": "",
    "street_address": "3711 E Deleuil",
    "city": "Tampa",
    "state": "FL",
    "phone_number": "8138477365",
    "zip_code": "33610"
  }
] 
Number of contacts to import: 7
********************************************************************************

2018-01-07 16:00:17,709:DEBUG:
********************************************************************************
Contacts to import: [
  {
    "first_name": "Arthur",
    "last_name": "",
    "gender": "Bro",
    "email": "",
    "street_address": "Silver Oaks",
    "city": "Tampa",
    "state": "FL",
    "phone_number": "8134031365",
    "zip_code": "33610"
  },
  {
    "first_name": "Courtney",
    "last_name": "",
    "gender": "Sis",
    "email": "",
    "street_address": "Silver Oaks",
    "city": "Tampa",
    "state": "FL",
    "phone_number": "8135090000",
    "zip_code": "33610"
  },
  {
    "first_name": "Johnathan",
    "last_name": "",
    "gender": "Bro",
    "email": "",
    "street_address": "Silver Oaks",
    "city": "Tampa",
    "state": "FL",
    "phone_number": "8133257201",
    "zip_code": "33610"
  },
  {
    "first_name": "Kenisha",
    "last_name": "",
    "gender": "Sis",
    "email": "",
    "street_address": "Silver Oaks",
    "city": "Tampa",
    "state": "FL",
    "phone_number": "8133687985",
    "zip_code": "33610"
  },
  {
    "first_name": "Quinton",
    "last_name": "",
    "gender": "Bro",
    "email": "",
    "street_address": "Silver Oaks",
    "city": "Tampa",
    "state": "FL",
    "phone_number": "8138479761",
    "zip_code": "33610"
  },
  {
    "first_name": "Sherrod",
    "last_name": "",
    "gender": "Bro",
    "email": "",
    "street_address": "Silver Oaks",
    "city": "Tampa",
    "state": "FL",
    "phone_number": "8138503521",
    "zip_code": "33610"
  },
  {
    "first_name": "Melvin",
    "last_name": "Johnson",
    "gender": "Bro",
    "email": "",
    "street_address": "3711 E Deleuil",
    "city": "Tampa",
    "state": "FL",
    "phone_number": "8138477365",
    "zip_code": "33610"
  }
] 
Number of contacts to import: 7
********************************************************************************

